BrotatoBig,1,5,4,3,4,5
KingFish,4,22,91919,22,0,8
